1. В поиске не отображается "палка".
2. После поиска не пропадает SEARCH. Т.е. песенка показывается, а вот поиск не пропадает. Пропадает через некоторое время. Или не пропадает вовсе
3. Песенка отображается не на полный экран. Откушена часть.